This is pdfTeX, Version 3.141592653-2.6-1.40.29 (TeX Live 2026) (preloaded format=pdflatex 2026.8.23)  27 AUG 2026 22:18
entering extended mode
 restricted \write18 enabled.
 %&-line parsing enabled.
**smitte.tex
(./smitte.tex
LaTeX2e <2026-06-01>
L3 programming layer <2026-08-10>
! Undefined control sequence.
l.7 \maketitle
              
The control sequence at the end of the top line
of your error message was never \def'ed. If you have
misspelled it (e.g., `\hobx'), type `I' and the correct
spelling (e.g., `I\hbox'). Otherwise just continue,
and I'll forget about whatever was undefined.

 
Here is how much of TeX's memory you used:
 14 strings out of 469089
 340 string characters out of 5457644
 435796 words of memory out of 5000000
 29190 multiletter control sequences out of 15000+600000
 627721 words of font info for 40 fonts, out of 8000000 for 9000
 14 hyphenation exceptions out of 8191
 12i,0n,13p,90b,8s stack positions out of 10000i,1000n,20000p,200000b,200000s
!  ==> Fatal error occurred, no output PDF file produced!
